test_chapter_order_repairs_preserve_literary_hashes (scripts.test_reconcile_bengali_source_evidence.AppliedSourceRepairIntegrityTests.test_chapter_order_repairs_preserve_literary_hashes) ... ok
test_no_ambiguous_khata_first_publication_year_is_certified (scripts.test_reconcile_bengali_source_evidence.AppliedSourceRepairIntegrityTests.test_no_ambiguous_khata_first_publication_year_is_certified) ... ok
test_direct_transcluded_literary_nodes_are_not_dropped (scripts.test_reconcile_bengali_source_evidence.BengaliSourceReconciliationTests.test_direct_transcluded_literary_nodes_are_not_dropped) ... ok
test_inline_spacing_is_retained (scripts.test_reconcile_bengali_source_evidence.BengaliSourceReconciliationTests.test_inline_spacing_is_retained) ... ok
test_missing_paragraph_is_not_matching (scripts.test_reconcile_bengali_source_evidence.BengaliSourceReconciliationTests.test_missing_paragraph_is_not_matching) ... ok
test_punctuation_difference_not_normalized_away (scripts.test_reconcile_bengali_source_evidence.BengaliSourceReconciliationTests.test_punctuation_difference_not_normalized_away) ... ok
test_source_furniture_removed_and_recorded (scripts.test_reconcile_bengali_source_evidence.BengaliSourceReconciliationTests.test_source_furniture_removed_and_recorded) ... ok
test_unchanged_text_passes_formatting_only (scripts.test_reconcile_bengali_source_evidence.BengaliSourceReconciliationTests.test_unchanged_text_passes_formatting_only) ... ok
test_local_text_decisions_bind_current_bytes_without_audio_or_activation (scripts.test_reconcile_bengali_source_evidence.FinalClearanceBindingsTests.test_local_text_decisions_bind_current_bytes_without_audio_or_activation) ... ok
test_original_replacements_preserve_auditable_old_identity (scripts.test_reconcile_bengali_source_evidence.FinalClearanceBindingsTests.test_original_replacements_preserve_auditable_old_identity) ... ok
test_literary_table_text_is_not_discarded (scripts.test_reconcile_bengali_source_evidence.FullRenderedNotesTests.test_literary_table_text_is_not_discarded) ... ok
test_literary_text_after_transclusion_is_not_discarded (scripts.test_reconcile_bengali_source_evidence.FullRenderedNotesTests.test_literary_text_after_transclusion_is_not_discarded) ... ok
test_original_footnotes_outside_transclusion_are_preserved (scripts.test_reconcile_bengali_source_evidence.FullRenderedNotesTests.test_original_footnotes_outside_transclusion_are_preserved) ... ok
test_fourteen_source_chapters_and_original_preview_are_bound (scripts.test_reconcile_bengali_source_evidence.MuchiramCompletenessTest.test_fourteen_source_chapters_and_original_preview_are_bound) ... ok
test_chapter_order_is_strict (scripts.test_reconcile_english_source_evidence.EvidenceTests.test_chapter_order_is_strict) ... ok
test_containment_is_not_full_edition (scripts.test_reconcile_english_source_evidence.EvidenceTests.test_containment_is_not_full_edition) ... ok
test_copyrighted_wyllie_translation_stays_held (scripts.test_reconcile_english_source_evidence.EvidenceTests.test_copyrighted_wyllie_translation_stays_held) ... ok
test_dracula_restored_preface_order (scripts.test_reconcile_english_source_evidence.EvidenceTests.test_dracula_restored_preface_order) ... ok
test_empty_is_not_verified (scripts.test_reconcile_english_source_evidence.EvidenceTests.test_empty_is_not_verified) ... ok
test_first_party_permission_does_not_reuse_historical_audio_approval (scripts.test_reconcile_english_source_evidence.EvidenceTests.test_first_party_permission_does_not_reuse_historical_audio_approval) ... ok
test_frankenstein_repaired_phrase_is_in_body_not_heading (scripts.test_reconcile_english_source_evidence.EvidenceTests.test_frankenstein_repaired_phrase_is_in_body_not_heading) ... ok
test_hungry_stones_is_selected_translator_not_whole_anthology (scripts.test_reconcile_english_source_evidence.EvidenceTests.test_hungry_stones_is_selected_translator_not_whole_anthology) ... ok
test_id_only_trusted_source_host (scripts.test_reconcile_english_source_evidence.EvidenceTests.test_id_only_trusted_source_host) ... ok
test_licensed_transcription_has_hash_bound_public_notice (scripts.test_reconcile_english_source_evidence.EvidenceTests.test_licensed_transcription_has_hash_bound_public_notice) ... ok
test_live_titles_excluded_and_alias_preserved (scripts.test_reconcile_english_source_evidence.EvidenceTests.test_live_titles_excluded_and_alias_preserved) ... ok
test_milverton_whole_story_includes_opening_narrative_and_card (scripts.test_reconcile_english_source_evidence.EvidenceTests.test_milverton_whole_story_includes_opening_narrative_and_card) ... ok
test_missing_chapters_restored_without_hiding_narrative (scripts.test_reconcile_english_source_evidence.EvidenceTests.test_missing_chapters_restored_without_hiding_narrative) ... ok
test_nested_illustration_caption_exclusion (scripts.test_reconcile_english_source_evidence.EvidenceTests.test_nested_illustration_caption_exclusion) ... ok
test_noncover_rights_do_not_authorize_audio_cover_or_runtime_activation (scripts.test_reconcile_english_source_evidence.EvidenceTests.test_noncover_rights_do_not_authorize_audio_cover_or_runtime_activation) ... ok
test_pride_extractor_rejects_incomplete_or_wrong_edition (scripts.test_reconcile_english_source_evidence.EvidenceTests.test_pride_extractor_rejects_incomplete_or_wrong_edition) ... ok
test_pride_migration_has_complete_61_chapter_reader (scripts.test_reconcile_english_source_evidence.EvidenceTests.test_pride_migration_has_complete_61_chapter_reader) ... ok
test_punctuation_change_is_not_normalized_away (scripts.test_reconcile_english_source_evidence.EvidenceTests.test_punctuation_change_is_not_normalized_away) ... ok
test_whitespace_only_normalization (scripts.test_reconcile_english_source_evidence.EvidenceTests.test_whitespace_only_normalization) ... ok
test_changed_chapter_rejected_before_pagination (scripts.test_prepare_inactive_reader_segment_plans.InactivePlanTests.test_changed_chapter_rejected_before_pagination) ... ok
test_exposed_package_rejected (scripts.test_prepare_inactive_reader_segment_plans.InactivePlanTests.test_exposed_package_rejected) ... ok
test_hash_only_and_no_source_mutation (scripts.test_prepare_inactive_reader_segment_plans.InactivePlanTests.test_hash_only_and_no_source_mutation) ... ok
test_invalid_local_record_rejected (scripts.test_prepare_inactive_reader_segment_plans.InactivePlanTests.test_invalid_local_record_rejected) ... ok
test_live_title_is_not_prepared (scripts.test_prepare_inactive_reader_segment_plans.InactivePlanTests.test_live_title_is_not_prepared) ... ok

----------------------------------------------------------------------
Ran 38 tests in 1.325s

OK
