{
  "result": "PASS",
  "changed_packages": 133,
  "statuses": {
    "a-jury-of-her-peers": "BLOCKED",
    "a-retrieved-reformation": "BLOCKED",
    "a-wagner-matinee": "BLOCKED",
    "acres-of-diamonds": "APPROVED",
    "alices-adventures-in-wonderland": "APPROVED",
    "berenice": "BLOCKED",
    "bharat-at-the-crossroads": "READY_FOR_APPROVAL",
    "bn-027": "BLOCKED",
    "bn-031": "BLOCKED",
    "bn-035": "APPROVED",
    "bn-036": "BLOCKED",
    "bn-041": "BLOCKED",
    "bn-059": "APPROVED",
    "bn-060": "READY_FOR_APPROVAL",
    "bn-066": "APPROVED",
    "book-0986aeb7e3": "BLOCKED",
    "book-0deb35c750": "BLOCKED",
    "book-0fbdaa730e": "BLOCKED",
    "book-1090573dff": "BLOCKED",
    "book-2ddbed8293": "BLOCKED",
    "book-2e468c4990": "BLOCKED",
    "book-4968248842": "BLOCKED",
    "book-4b944e64fa": "BLOCKED",
    "book-5461971092": "BLOCKED",
    "book-5704b31005": "APPROVED",
    "book-5aedda79fe": "BLOCKED",
    "book-63afd5e9be": "BLOCKED",
    "book-754da4eab8": "BLOCKED",
    "book-827fdc7aee": "BLOCKED",
    "book-88ded9b47c": "BLOCKED",
    "book-95624627d5": "BLOCKED",
    "book-9a7f771921": "BLOCKED",
    "book-a23625bf36": "BLOCKED",
    "book-a4a369483f": "BLOCKED",
    "book-a74c1a1451": "BLOCKED",
    "book-ac5a71075e": "BLOCKED",
    "book-b9d47814a8": "BLOCKED",
    "book-bfc51280b3": "BLOCKED",
    "book-c307a57868": "BLOCKED",
    "book-c7f3ce526c": "BLOCKED",
    "book-c85323409f": "BLOCKED",
    "book-d19e96859f": "BLOCKED",
    "book-d2fe532e1c": "BLOCKED",
    "book-edfcf810c5": "APPROVED",
    "book-ef193ffc52": "BLOCKED",
    "book-f5d593e1f4": "BLOCKED",
    "book-fbdf2991ab": "BLOCKED",
    "boule-de-suif": "BLOCKED",
    "carmilla": "BLOCKED",
    "devdas": "BLOCKED",
    "dracula": "APPROVED",
    "dsires-baby": "APPROVED",
    "feathertop": "BLOCKED",
    "frankenstein": "APPROVED",
    "great-expectations": "READY_FOR_APPROVAL",
    "hound-of-the-baskervilles": "BLOCKED",
    "hungry-stones": "BLOCKED",
    "jane-eyre": "BLOCKED",
    "lokrahasya": "APPROVED",
    "markheim": "BLOCKED",
    "mrinalini": "APPROVED",
    "muchiram-gurer-jibanchorit": "APPROVED",
    "my-life-and-work": "APPROVED",
    "nishkriti": "BLOCKED",
    "pather-panchali": "BLOCKED",
    "pauls-case": "BLOCKED",
    "pride-and-prejudice": "APPROVED",
    "rappaccinis-daughter": "BLOCKED",
    "rikki-tikki-tavi": "BLOCKED",
    "rip-van-winkle": "BLOCKED",
    "sredni-vashtar": "APPROVED",
    "the-adventure-of-charles-augustus-milverton": "BLOCKED",
    "the-adventure-of-the-abbey-grange": "BLOCKED",
    "the-adventure-of-the-beryl-coronet": "BLOCKED",
    "the-adventure-of-the-blue-carbuncle": "BLOCKED",
    "the-adventure-of-the-copper-beeches": "BLOCKED",
    "the-adventure-of-the-dancing-men": "BLOCKED",
    "the-adventure-of-the-empty-house": "BLOCKED",
    "the-adventure-of-the-engineers-thumb": "BLOCKED",
    "the-adventure-of-the-final-problem": "BLOCKED",
    "the-adventure-of-the-greek-interpreter": "BLOCKED",
    "the-adventure-of-the-noble-bachelor": "BLOCKED",
    "the-adventure-of-the-priory-school": "BLOCKED",
    "the-adventure-of-the-second-stain": "BLOCKED",
    "the-adventure-of-the-solitary-cyclist": "BLOCKED",
    "the-ambitious-guest": "BLOCKED",
    "the-art-of-money-getting": "APPROVED",
    "the-bet": "BLOCKED",
    "the-call-of-the-wild": "APPROVED",
    "the-celebrated-jumping-frog-of-calaveras-county": "BLOCKED",
    "the-cop-and-the-anthem": "APPROVED",
    "the-country-of-the-blind": "BLOCKED",
    "the-darling": "BLOCKED",
    "the-door-in-the-wall": "BLOCKED",
    "the-five-orange-pips": "BLOCKED",
    "the-furnished-room": "BLOCKED",
    "the-great-gatsby": "APPROVED",
    "the-imp-of-the-perverse": "BLOCKED",
    "the-last-leaf": "BLOCKED",
    "the-legend-of-sleepy-hollow": "BLOCKED",
    "the-lifted-veil": "BLOCKED",
    "the-luck-of-roaring-camp": "BLOCKED",
    "the-man-in-a-case": "BLOCKED",
    "the-man-with-the-twisted-lip": "BLOCKED",
    "the-masque-of-the-red-death": "BLOCKED",
    "the-metamorphosis": "BLOCKED",
    "the-ministers-black-veil": "BLOCKED",
    "the-monkeys-paw": "BLOCKED",
    "the-most-dangerous-game": "READY_FOR_APPROVAL",
    "the-murders-in-the-rue-morgue": "BLOCKED",
    "the-necklace": "BLOCKED",
    "the-open-window": "APPROVED",
    "the-outcasts-of-poker-flat": "BLOCKED",
    "the-principles-of-scientific-management": "APPROVED",
    "the-purloined-letter": "BLOCKED",
    "the-ransom-of-red-chief": "BLOCKED",
    "the-red-headed-league": "BLOCKED",
    "the-science-of-getting-rich": "APPROVED",
    "the-secret-garden": "APPROVED",
    "the-selfish-giant": "APPROVED",
    "the-speckled-band": "BLOCKED",
    "the-student": "APPROVED",
    "the-suicide-club": "BLOCKED",
    "the-time-machine": "APPROVED",
    "the-withered-arm": "BLOCKED",
    "the-wonderful-wizard-of-oz": "APPROVED",
    "the-yellow-wallpaper": "BLOCKED",
    "to-build-a-fire": "BLOCKED",
    "tobermory": "BLOCKED",
    "ward-no-6": "BLOCKED",
    "white-fang": "BLOCKED",
    "woman-in-white": "BLOCKED",
    "young-goodman-brown": "BLOCKED"
  },
  "issues": [],
  "reader_exposed": true,
  "audio_exposed": false,
  "release_authority_matches_reviewed_bindings": true
}
